/net/afscra/people/plgmpniak/dimensionality_reduction_project/datashader_try.py:44: MatplotlibDeprecationWarning: The get_cmap function was deprecated in Matplotlib 3.7 and will be removed in 3.11. Use ``matplotlib.colormaps[name]`` or ``matplotlib.colormaps.get_cmap()`` or ``pyplot.get_cmap()`` instead.
  cmap = [mcolors.rgb2hex(cm.get_cmap(cmap_name)(i)) for i in np.linspace(0, 1, 256)]
/net/afscra/people/plgmpniak/dimensionality_reduction_project/datashader_try.py:44: MatplotlibDeprecationWarning: The get_cmap function was deprecated in Matplotlib 3.7 and will be removed in 3.11. Use ``matplotlib.colormaps[name]`` or ``matplotlib.colormaps.get_cmap()`` or ``pyplot.get_cmap()`` instead.
  cmap = [mcolors.rgb2hex(cm.get_cmap(cmap_name)(i)) for i in np.linspace(0, 1, 256)]
/net/afscra/people/plgmpniak/dimensionality_reduction_project/datashader_try.py:44: MatplotlibDeprecationWarning: The get_cmap function was deprecated in Matplotlib 3.7 and will be removed in 3.11. Use ``matplotlib.colormaps[name]`` or ``matplotlib.colormaps.get_cmap()`` or ``pyplot.get_cmap()`` instead.
  cmap = [mcolors.rgb2hex(cm.get_cmap(cmap_name)(i)) for i in np.linspace(0, 1, 256)]
/net/afscra/people/plgmpniak/dimensionality_reduction_project/datashader_try.py:44: MatplotlibDeprecationWarning: The get_cmap function was deprecated in Matplotlib 3.7 and will be removed in 3.11. Use ``matplotlib.colormaps[name]`` or ``matplotlib.colormaps.get_cmap()`` or ``pyplot.get_cmap()`` instead.
  cmap = [mcolors.rgb2hex(cm.get_cmap(cmap_name)(i)) for i in np.linspace(0, 1, 256)]
Zapisano 10 wariant√≥w do: results/test_variants
