/net/afscra/people/plgmpniak/dimensionality_reduction_project/test/pca_try.py:68: MatplotlibDeprecationWarning: The get_cmap function was deprecated in Matplotlib 3.7 and will be removed in 3.11. Use ``matplotlib.colormaps[name]`` or ``matplotlib.colormaps.get_cmap()`` or ``pyplot.get_cmap()`` instead.
  return [mcolors.rgb2hex(cm.get_cmap(name)(i)) for i in np.linspace(0, 1, 256)]
Pobieranie MNIST...
PCA zako≈Ñczone. Wyniki w: /net/afscra/people/plgmpniak/dimensionality_reduction_project/test/results/test/test_pca
