python: can't open file '/net/afscra/people/plgmpniak/dimensionality_reduction_project/scripts/umap_try.py': [Errno 2] No such file or directory
